
===========================================================================
 report_power
============================================================================
======================= max_ss_100C_1v60 Corner ===================================

Group                    Internal    Switching      Leakage        Total
                            Power        Power        Power        Power (Watts)
------------------------------------------------------------------------
Sequential           7.180228e-07 1.061940e-07 3.286052e-07 1.152822e-06  37.7%
Combinational        3.535973e-07 3.626972e-07 5.494913e-07 1.265786e-06  41.4%
Clock                4.214670e-07 1.599812e-07 5.725553e-08 6.387038e-07  20.9%
Macro                0.000000e+00 0.000000e+00 0.000000e+00 0.000000e+00   0.0%
Pad                  0.000000e+00 0.000000e+00 0.000000e+00 0.000000e+00   0.0%
------------------------------------------------------------------------
Total                1.493087e-06 6.288726e-07 9.353516e-07 3.057311e-06 100.0%
                            48.8%        20.6%        30.6%

