
===========================================================================
 report_power
============================================================================
======================= nom_tt_025C_1v80 Corner ===================================

Group                    Internal    Switching      Leakage        Total
                            Power        Power        Power        Power (Watts)
------------------------------------------------------------------------
Sequential           9.174497e-07 9.733456e-08 1.647593e-10 1.014949e-06  41.2%
Combinational        4.303304e-07 3.567373e-07 4.189913e-10 7.874867e-07  32.0%
Clock                5.134156e-07 1.475561e-07 1.406505e-10 6.611123e-07  26.8%
Macro                0.000000e+00 0.000000e+00 0.000000e+00 0.000000e+00   0.0%
Pad                  0.000000e+00 0.000000e+00 0.000000e+00 0.000000e+00   0.0%
------------------------------------------------------------------------
Total                1.861195e-06 6.016282e-07 7.244018e-10 2.463548e-06 100.0%
                            75.5%        24.4%         0.0%
Writing metric power__internal__total: 1.861195414676331e-6
Writing metric power__switching__total: 6.016281872689433e-7
Writing metric power__leakage__total: 7.244018163099497e-10
Writing metric power__total: 2.4635480713186553e-6

