
===========================================================================
 report_power
============================================================================
======================= max_ff_n40C_1v95 Corner ===================================

Group                    Internal    Switching      Leakage        Total
                            Power        Power        Power        Power (Watts)
------------------------------------------------------------------------
Sequential           1.065282e-06 1.626914e-07 3.000928e-10 1.228273e-06  39.6%
Combinational        4.805866e-07 5.480798e-07 7.893718e-10 1.029456e-06  33.2%
Clock                5.945525e-07 2.474807e-07 4.461982e-10 8.424794e-07  27.2%
Macro                0.000000e+00 0.000000e+00 0.000000e+00 0.000000e+00   0.0%
Pad                  0.000000e+00 0.000000e+00 0.000000e+00 0.000000e+00   0.0%
------------------------------------------------------------------------
Total                2.140421e-06 9.582519e-07 1.535663e-09 3.100209e-06 100.0%
                            69.0%        30.9%         0.0%

