
===========================================================================
 report_power
============================================================================
======================= nom_tt_025C_1v80 Corner ===================================

Group                    Internal    Switching      Leakage        Total
                            Power        Power        Power        Power (Watts)
------------------------------------------------------------------------
Sequential           9.725439e-07 1.337619e-07 1.726559e-10 1.106479e-06  52.4%
Combinational        5.718612e-07 4.336785e-07 2.353690e-10 1.005775e-06  47.6%
Clock                0.000000e+00 0.000000e+00 0.000000e+00 0.000000e+00   0.0%
Macro                0.000000e+00 0.000000e+00 0.000000e+00 0.000000e+00   0.0%
Pad                  0.000000e+00 0.000000e+00 0.000000e+00 0.000000e+00   0.0%
------------------------------------------------------------------------
Total                1.544405e-06 5.674403e-07 4.080249e-10 2.112253e-06 100.0%
                            73.1%        26.9%         0.0%

