
===========================================================================
 report_power
============================================================================
======================= nom_tt_025C_1v80 Corner ===================================

Group                    Internal    Switching      Leakage        Total
                            Power        Power        Power        Power (Watts)
------------------------------------------------------------------------
Sequential           9.187617e-07 1.308329e-07 1.647593e-10 1.049759e-06  39.5%
Combinational        4.325827e-07 4.554686e-07 4.189913e-10 8.884702e-07  33.4%
Clock                5.185962e-07 1.997186e-07 1.406505e-10 7.184555e-07  27.0%
Macro                0.000000e+00 0.000000e+00 0.000000e+00 0.000000e+00   0.0%
Pad                  0.000000e+00 0.000000e+00 0.000000e+00 0.000000e+00   0.0%
------------------------------------------------------------------------
Total                1.869940e-06 7.860204e-07 7.244018e-10 2.656685e-06 100.0%
                            70.4%        29.6%         0.0%
Writing metric power__internal__total: 1.8699402062338777e-6
Writing metric power__switching__total: 7.860203936616017e-7
Writing metric power__leakage__total: 7.244018163099497e-10
Writing metric power__total: 2.6566849555820227e-6

