
===========================================================================
 report_power
============================================================================
======================= nom_ss_100C_1v60 Corner ===================================

Group                    Internal    Switching      Leakage        Total
                            Power        Power        Power        Power (Watts)
------------------------------------------------------------------------
Sequential           7.180711e-07 1.032989e-07 3.286052e-07 1.149975e-06  37.8%
Combinational        3.535494e-07 3.559238e-07 5.494913e-07 1.258965e-06  41.4%
Clock                4.210722e-07 1.558141e-07 5.725553e-08 6.341418e-07  20.8%
Macro                0.000000e+00 0.000000e+00 0.000000e+00 0.000000e+00   0.0%
Pad                  0.000000e+00 0.000000e+00 0.000000e+00 0.000000e+00   0.0%
------------------------------------------------------------------------
Total                1.492693e-06 6.150368e-07 9.353516e-07 3.043082e-06 100.0%
                            49.1%        20.2%        30.7%

