
===========================================================================
 report_power
============================================================================
======================= min_tt_025C_1v80 Corner ===================================

Group                    Internal    Switching      Leakage        Total
                            Power        Power        Power        Power (Watts)
------------------------------------------------------------------------
Sequential           9.188029e-07 1.289597e-07 1.647593e-10 1.047927e-06  39.7%
Combinational        4.318355e-07 4.450590e-07 4.189914e-10 8.773135e-07  33.2%
Clock                5.180547e-07 1.955878e-07 2.540523e-10 7.138966e-07  27.1%
Macro                0.000000e+00 0.000000e+00 0.000000e+00 0.000000e+00   0.0%
Pad                  0.000000e+00 0.000000e+00 0.000000e+00 0.000000e+00   0.0%
------------------------------------------------------------------------
Total                1.868693e-06 7.696064e-07 8.378035e-10 2.639138e-06 100.0%
                            70.8%        29.2%         0.0%

