
===========================================================================
 report_power
============================================================================
======================= nom_tt_025C_1v80 Corner ===================================

Group                    Internal    Switching      Leakage        Total
                            Power        Power        Power        Power (Watts)
------------------------------------------------------------------------
Sequential           9.189197e-07 1.327093e-07 1.647593e-10 1.051794e-06  39.5%
Combinational        4.319992e-07 4.554196e-07 4.189914e-10 8.878378e-07  33.4%
Clock                5.185886e-07 2.010869e-07 2.540523e-10 7.199295e-07  27.1%
Macro                0.000000e+00 0.000000e+00 0.000000e+00 0.000000e+00   0.0%
Pad                  0.000000e+00 0.000000e+00 0.000000e+00 0.000000e+00   0.0%
------------------------------------------------------------------------
Total                1.869507e-06 7.892158e-07 8.378035e-10 2.659561e-06 100.0%
                            70.3%        29.7%         0.0%

