
===========================================================================
 report_power
============================================================================
======================= min_ff_n40C_1v95 Corner ===================================

Group                    Internal    Switching      Leakage        Total
                            Power        Power        Power        Power (Watts)
------------------------------------------------------------------------
Sequential           1.065040e-06 1.539906e-07 3.000928e-10 1.219331e-06  39.9%
Combinational        4.802448e-07 5.258594e-07 7.893718e-10 1.006894e-06  33.0%
Clock                5.937031e-07 2.348371e-07 4.461982e-10 8.289865e-07  27.1%
Macro                0.000000e+00 0.000000e+00 0.000000e+00 0.000000e+00   0.0%
Pad                  0.000000e+00 0.000000e+00 0.000000e+00 0.000000e+00   0.0%
------------------------------------------------------------------------
Total                2.138988e-06 9.146870e-07 1.535663e-09 3.055211e-06 100.0%
                            70.0%        29.9%         0.1%

